
Allocating common symbols
Common symbol       size              file

vsh_process         0x8               payload_src/main.o
vsh_plugins         0x18              payload_src/main.o

Discarded input sections

 .data          0x0000000000000000        0x0 payload_src/start.o
 .bss           0x0000000000000000        0x0 payload_src/start.o
 .text          0x0000000000000000        0x0 payload_src/main.o
 .data          0x0000000000000000        0x0 payload_src/main.o
 .bss           0x0000000000000000        0x0 payload_src/main.o
 .text          0x0000000000000000        0x0 lv2/src/io.o
 .data          0x0000000000000000        0x0 lv2/src/io.o
 .bss           0x0000000000000000        0x0 lv2/src/io.o
 .cellFsWrite.text
                0x0000000000000000        0x0 lv2/src/io.o
 .cellFsLseek.text
                0x0000000000000000        0x0 lv2/src/io.o
 .cellFsUnlink_internal.text
                0x0000000000000000        0x0 lv2/src/io.o
 .cellFsUtilMount.text
                0x0000000000000000        0x0 lv2/src/io.o
 .cellFsUtilMount_h.text
                0x0000000000000000        0x0 lv2/src/io.o
 .cellFsUtilUmount.text
                0x0000000000000000        0x0 lv2/src/io.o
 .pathdup_from_user.text
                0x0000000000000000        0x0 lv2/src/io.o
 .open_fs_object.text
                0x0000000000000000        0x0 lv2/src/io.o
 .close_fs_object.text
                0x0000000000000000        0x0 lv2/src/io.o
 .text          0x0000000000000000        0x0 lv2/src/memory.o
 .data          0x0000000000000000        0x0 lv2/src/memory.o
 .bss           0x0000000000000000        0x0 lv2/src/memory.o
 .copy_to_user.text
                0x0000000000000000        0x0 lv2/src/memory.o
 .copy_to_process.text
                0x0000000000000000        0x0 lv2/src/memory.o
 .kernel_ea_to_lpar_addr.text
                0x0000000000000000        0x0 lv2/src/memory.o
 .text          0x0000000000000000        0x0 lv2/src/thread.o
 .data          0x0000000000000000        0x0 lv2/src/thread.o
 .bss           0x0000000000000000        0x0 lv2/src/thread.o
 .ppu_thread_create.text
                0x0000000000000000        0x0 lv2/src/thread.o
 .ppu_thread_exit.text
                0x0000000000000000        0x0 lv2/src/thread.o
 .ppu_thread_delay.text
                0x0000000000000000        0x0 lv2/src/thread.o
 .text          0x0000000000000000        0x0 lv2/src/thread_c.o
 .data          0x0000000000000000        0x0 lv2/src/thread_c.o
 .bss           0x0000000000000000        0x0 lv2/src/thread_c.o
 .text          0x0000000000000000        0x0 lv2/src/process.o
 .data          0x0000000000000000        0x0 lv2/src/process.o
 .bss           0x0000000000000000        0x0 lv2/src/process.o
 .text          0x0000000000000000        0x0 lv2/src/modules.o
 .data          0x0000000000000000        0x0 lv2/src/modules.o
 .bss           0x0000000000000000        0x0 lv2/src/modules.o
 .decrypt_func.text
                0x0000000000000000        0x0 lv2/src/modules.o
 .prx_get_module_list.text
                0x0000000000000000        0x0 lv2/src/modules.o
 .text          0x0000000000000000        0x0 lv2/src/modules_c.o
 .data          0x0000000000000000        0x0 lv2/src/modules_c.o
 .bss           0x0000000000000000        0x0 lv2/src/modules_c.o
 .text.prx_get_module_name_by_address
                0x0000000000000000        0x0 lv2/src/modules_c.o
 .text          0x0000000000000000        0x0 lv2/src/syscall.o
 .data          0x0000000000000000        0x0 lv2/src/syscall.o
 .bss           0x0000000000000000        0x0 lv2/src/syscall.o
 .text          0x0000000000000000        0x0 lv2/src/libc.o
 .data          0x0000000000000000        0x0 lv2/src/libc.o
 .bss           0x0000000000000000        0x0 lv2/src/libc.o
 .lv2_printf.text
                0x0000000000000000        0x0 lv2/src/libc.o
 .lv2_sprintf.text
                0x0000000000000000        0x0 lv2/src/libc.o
 .lv2_snprintf.text
                0x0000000000000000        0x0 lv2/src/libc.o
 .lv2_strcpy.text
                0x0000000000000000        0x0 lv2/src/libc.o
 .lv2_strncpy.text
                0x0000000000000000        0x0 lv2/src/libc.o
 .lv2_strlen.text
                0x0000000000000000        0x0 lv2/src/libc.o
 .lv2_strcat.text
                0x0000000000000000        0x0 lv2/src/libc.o
 .lv2_strncmp.text
                0x0000000000000000        0x0 lv2/src/libc.o
 .lv2_strchr.text
                0x0000000000000000        0x0 lv2/src/libc.o
 .lv2_memcpy.text
                0x0000000000000000        0x0 lv2/src/libc.o
 .lv2_memset.text
                0x0000000000000000        0x0 lv2/src/libc.o
 .lv2_memcmp.text
                0x0000000000000000        0x0 lv2/src/libc.o
 .printf.text   0x0000000000000000        0x0 lv2/src/libc.o
 .sprintf.text  0x0000000000000000        0x0 lv2/src/libc.o
 .snprintf.text
                0x0000000000000000        0x0 lv2/src/libc.o
 .strcpy.text   0x0000000000000000        0x0 lv2/src/libc.o
 .strncpy.text  0x0000000000000000        0x0 lv2/src/libc.o
 .strlen.text   0x0000000000000000        0x0 lv2/src/libc.o
 .strcat.text   0x0000000000000000        0x0 lv2/src/libc.o
 .strcmp.text   0x0000000000000000        0x0 lv2/src/libc.o
 .strncmp.text  0x0000000000000000        0x0 lv2/src/libc.o
 .strchr.text   0x0000000000000000        0x0 lv2/src/libc.o
 .memcpy.text   0x0000000000000000        0x0 lv2/src/libc.o
 .memset.text   0x0000000000000000        0x0 lv2/src/libc.o
 .memcmp.text   0x0000000000000000        0x0 lv2/src/libc.o

Memory Configuration

Name             Origin             Length             Attributes
*default*        0x0000000000000000 0xffffffffffffffff

Linker script and memory map

LOAD payload_src/start.o
LOAD payload_src/main.o
LOAD lv2/src/io.o
LOAD lv2/src/memory.o
LOAD lv2/src/thread.o
LOAD lv2/src/thread_c.o
LOAD lv2/src/process.o
LOAD lv2/src/modules.o
LOAD lv2/src/modules_c.o
LOAD lv2/src/syscall.o
LOAD lv2/src/libc.o
                0x80000000007f0000                __base = 0x80000000007f0000

.text           0x80000000007f0000      0xcc8
 *(.text)
 .text          0x80000000007f0000       0x40 payload_src/start.o
                0x80000000007f0000                _start
 *(.text.*)
 .text.get_vsh_process
                0x80000000007f0040      0x124 payload_src/main.o
 .text.sys_prx_unload_vsh_plugin
                0x80000000007f0164      0x114 payload_src/main.o
 .text.sys_prx_load_vsh_plugin
                0x80000000007f0278      0x2b8 payload_src/main.o
 .text.sys_load_mamba
                0x80000000007f0530      0x1b8 payload_src/main.o
 .text.syscall1022
                0x80000000007f06e8      0x15c payload_src/main.o
 .text.ppu_user_thread_create
                0x80000000007f0844      0x1c0 lv2/src/thread_c.o
 .text.prx_stop_module_with_thread
                0x80000000007f0a04      0x120 lv2/src/modules_c.o
 .text.prx_start_module_with_thread
                0x80000000007f0b24      0x188 lv2/src/modules_c.o
 *(.rodata)
 *(.rodata.*)
 *fill*         0x80000000007f0cac        0x4 00
 .rodata.brlt   0x80000000007f0cb0        0x0 linker stubs
 .rodata.str1.8
                0x80000000007f0cb0        0xf payload_src/main.o
                                         0x10 (size before relaxing)
 *fill*         0x80000000007f0cbf        0x1 00
 .rodata.str1.8
                0x80000000007f0cc0        0x8 lv2/src/modules_c.o
 *(.gnu.linkonce.t.*)

.sfpr           0x80000000007f0cc8        0x0
 .sfpr          0x0000000000000000        0x0 linker stubs

.glink          0x80000000007f0cc8        0x0
 .glink         0x0000000000000000        0x0 linker stubs

.cellFsOpen.text
                0x80000000007f0cc8       0x10
 .cellFsOpen.text
                0x80000000007f0cc8       0x10 lv2/src/io.o
                0x80000000007f0cc8                cellFsOpen

.cellFsClose.text
                0x80000000007f0cd8       0x10
 .cellFsClose.text
                0x80000000007f0cd8       0x10 lv2/src/io.o
                0x80000000007f0cd8                cellFsClose

.cellFsRead.text
                0x80000000007f0ce8       0x10
 .cellFsRead.text
                0x80000000007f0ce8       0x10 lv2/src/io.o
                0x80000000007f0ce8                cellFsRead

.cellFsStat.text
                0x80000000007f0cf8       0x10
 .cellFsStat.text
                0x80000000007f0cf8       0x10 lv2/src/io.o
                0x80000000007f0cf8                cellFsStat

.alloc.text     0x80000000007f0d08       0x10
 .alloc.text    0x80000000007f0d08       0x10 lv2/src/memory.o
                0x80000000007f0d08                alloc

.dealloc.text   0x80000000007f0d18       0x10
 .dealloc.text  0x80000000007f0d18       0x10 lv2/src/memory.o
                0x80000000007f0d18                dealloc

.copy_from_user.text
                0x80000000007f0d28       0x10
 .copy_from_user.text
                0x80000000007f0d28       0x10 lv2/src/memory.o
                0x80000000007f0d28                copy_from_user

.copy_from_process.text
                0x80000000007f0d38       0x10
 .copy_from_process.text
                0x80000000007f0d38       0x10 lv2/src/memory.o
                0x80000000007f0d38                copy_from_process

.page_allocate.text
                0x80000000007f0d48       0x10
 .page_allocate.text
                0x80000000007f0d48       0x10 lv2/src/memory.o
                0x80000000007f0d48                page_allocate

.page_free.text
                0x80000000007f0d58       0x10
 .page_free.text
                0x80000000007f0d58       0x10 lv2/src/memory.o
                0x80000000007f0d58                page_free

.page_export_to_proc.text
                0x80000000007f0d68       0x10
 .page_export_to_proc.text
                0x80000000007f0d68       0x10 lv2/src/memory.o
                0x80000000007f0d68                page_export_to_proc

.page_unexport_from_proc.text
                0x80000000007f0d78       0x10
 .page_unexport_from_proc.text
                0x80000000007f0d78       0x10 lv2/src/memory.o
                0x80000000007f0d78                page_unexport_from_proc

.ppu_thread_join.text
                0x80000000007f0d88       0x10
 .ppu_thread_join.text
                0x80000000007f0d88       0x10 lv2/src/thread.o
                0x80000000007f0d88                ppu_thread_join

.create_user_thread2.text
                0x80000000007f0d98       0x10
 .create_user_thread2.text
                0x80000000007f0d98       0x10 lv2/src/thread.o
                0x80000000007f0d98                create_user_thread2

.start_thread.text
                0x80000000007f0da8       0x10
 .start_thread.text
                0x80000000007f0da8       0x10 lv2/src/thread.o
                0x80000000007f0da8                start_thread

.run_thread.text
                0x80000000007f0db8       0x10
 .run_thread.text
                0x80000000007f0db8       0x10 lv2/src/thread.o
                0x80000000007f0db8                run_thread

.register_thread.text
                0x80000000007f0dc8       0x10
 .register_thread.text
                0x80000000007f0dc8       0x10 lv2/src/thread.o
                0x80000000007f0dc8                register_thread

.allocate_user_stack.text
                0x80000000007f0dd8       0x10
 .allocate_user_stack.text
                0x80000000007f0dd8       0x10 lv2/src/thread.o
                0x80000000007f0dd8                allocate_user_stack

.prx_load_module.text
                0x80000000007f0de8       0x10
 .prx_load_module.text
                0x80000000007f0de8       0x10 lv2/src/modules.o
                0x80000000007f0de8                prx_load_module

.prx_start_module.text
                0x80000000007f0df8       0x10
 .prx_start_module.text
                0x80000000007f0df8       0x10 lv2/src/modules.o
                0x80000000007f0df8                prx_start_module

.prx_stop_module.text
                0x80000000007f0e08       0x10
 .prx_stop_module.text
                0x80000000007f0e08       0x10 lv2/src/modules.o
                0x80000000007f0e08                prx_stop_module

.prx_unload_module.text
                0x80000000007f0e18       0x10
 .prx_unload_module.text
                0x80000000007f0e18       0x10 lv2/src/modules.o
                0x80000000007f0e18                prx_unload_module

.prx_get_module_info.text
                0x80000000007f0e28       0x10
 .prx_get_module_info.text
                0x80000000007f0e28       0x10 lv2/src/modules.o
                0x80000000007f0e28                prx_get_module_info

.extend_kstack.text
                0x80000000007f0e38       0x10
 .extend_kstack.text
                0x80000000007f0e38       0x10 lv2/src/syscall.o
                0x80000000007f0e38                extend_kstack

.lv2_strcmp.text
                0x80000000007f0e48       0x10
 .lv2_strcmp.text
                0x80000000007f0e48       0x10 lv2/src/libc.o
                0x80000000007f0e48                lv2_strcmp

.data
 *(.data)
 *(.data.*)

.opd            0x80000000007f0e58       0xc0
 *(.opd)
 .opd           0x80000000007f0e58       0x78 payload_src/main.o
                0x80000000007f0e70                sys_prx_unload_vsh_plugin
                0x80000000007f0e88                sys_prx_load_vsh_plugin
                0x80000000007f0e58                get_vsh_process
                0x80000000007f0eb8                syscall1022
                0x80000000007f0ea0                sys_load_mamba
 .opd           0x80000000007f0ed0       0x18 lv2/src/thread_c.o
                0x80000000007f0ed0                ppu_user_thread_create
 .opd           0x80000000007f0ee8       0x30 lv2/src/modules_c.o
                0x80000000007f0f00                prx_start_module_with_thread
                0x80000000007f0ee8                prx_stop_module_with_thread
 *(.opd.*)

.got            0x80000000007f0f18       0xf8
                0x80000000007f0f18                __toc_start = .
 *(.got)
 *(.got.*)
 *(.toc)
 .toc           0x80000000007f0f18       0xa8 payload_src/main.o
 .toc           0x80000000007f0fc0       0x28 lv2/src/thread_c.o
 .toc           0x80000000007f0fe8       0x28 lv2/src/modules_c.o
                                         0x38 (size before relaxing)
 *(.toc.*)
                0x80000000007f1010                __toc_end = .

.bss            0x80000000007f1010       0x28
 *(.bss)
 *(.bss.*)
 .bss.mamba_loaded
                0x80000000007f1010        0x4 payload_src/main.o
                0x80000000007f1010                mamba_loaded
 *fill*         0x80000000007f1014        0x4 00
 COMMON         0x80000000007f1018       0x20 payload_src/main.o
                0x80000000007f1018                vsh_process
                0x80000000007f1020                vsh_plugins

.rela.dyn       0x80000000007f1038        0x0
 .rela.text     0x0000000000000000        0x0 linker stubs
 .rela.toc      0x0000000000000000        0x0 linker stubs
OUTPUT(payload_4_75.elf elf64-powerpc)
LOAD linker stubs

.comment        0x0000000000000000       0x36
 .comment       0x0000000000000000       0x12 payload_src/main.o
 .comment       0x0000000000000012       0x12 lv2/src/thread_c.o
 .comment       0x0000000000000024       0x12 lv2/src/modules_c.o
